interactions:
- request:
    body: null
    headers:
      Accept: ['*/*']
      Accept-Encoding: ['gzip, deflate']
      Connection: [keep-alive]
      User-Agent: [python-requests/2.18.4]
    method: GET
    uri: http://localhost:8080/data.json
  response:
    body: {string: "{\n  \"version\": \"1.1\", \n  \"identifier\": \"\", \n  \"title\"\
        : \"T\\u00edtulo del portal\", \n  \"description\": \"Describ\\u00ed el portal.\
        \ Explic\\u00e1 de qu\\u00e9 se trata tu cat\\u00e1logo de datos. Por favor,\
        \ hacelo en no m\\u00e1s de tres l\\u00edneas.\", \n  \"superThemeTaxonomy\"\
        : \"http://datos.gob.ar/superThemeTaxonomy.json\", \n  \"publisher\": {\n\
        \    \"mbox\": \"\", \n    \"name\": \"\"\n  }, \n  \"issued\": \"\", \n \
        \ \"modified\": \"\", \n  \"language\": \"\", \n  \"license\": \"\", \n  \"\
        homepage\": \"\", \n  \"rights\": \"\", \n  \"spatial\": [], \n  \"themeTaxonomy\"\
        : [\n    {\n      \"label\": \"econ\", \n      \"id\": \"econ\", \n      \"\
        description\": \"\"\n    }, \n    {\n      \"label\": \"just\", \n      \"\
        id\": \"just\", \n      \"description\": \"\"\n    }\n  ], \n  \"dataset\"\
        : [\n    {\n      \"title\": \"data3_3\", \n      \"modified\": \"2018-03-06T17:22:23.971215\"\
        , \n      \"identifier\": \"3.3\", \n      \"issued\": \"2018-03-06T17:22:23.966495\"\
        , \n      \"landingPage\": \"unknow\", \n      \"publisher\": {\n        \"\
        mbox\": null, \n        \"name\": \"author_c\"\n      }, \n      \"contactPoint\"\
        : {}\n    }, \n    {\n      \"title\": \"data3_2\", \n      \"modified\":\
        \ \"2018-03-06T17:22:23.479812\", \n      \"identifier\": \"3.2\", \n    \
        \  \"issued\": \"2018-03-06T17:22:23.474946\", \n      \"landingPage\": \"\
        unknow\", \n      \"publisher\": {\n        \"mbox\": null, \n        \"name\"\
        : \"author_b\"\n      }, \n      \"contactPoint\": {}\n    }, \n    {\n  \
        \    \"title\": \"data3_1\", \n      \"modified\": \"2018-03-06T17:22:22.904862\"\
        , \n      \"identifier\": \"3.1\", \n      \"issued\": \"2018-03-06T17:22:22.899847\"\
        , \n      \"landingPage\": \"unknow\", \n      \"publisher\": {\n        \"\
        mbox\": null, \n        \"name\": \"author_a\"\n      }, \n      \"contactPoint\"\
        : {}\n    }, \n    {\n      \"title\": \"data2_2\", \n      \"modified\":\
        \ \"2018-03-06T17:22:22.254651\", \n      \"identifier\": \"2.2\", \n    \
        \  \"issued\": \"2018-03-06T17:22:22.249418\", \n      \"landingPage\": \"\
        unknow\", \n      \"publisher\": {\n        \"mbox\": null, \n        \"name\"\
        : \"author_b\"\n      }, \n      \"contactPoint\": {}\n    }, \n    {\n  \
        \    \"title\": \"data2_1\", \n      \"modified\": \"2018-03-06T17:22:21.678349\"\
        , \n      \"identifier\": \"2.1\", \n      \"issued\": \"2018-03-06T17:22:21.673681\"\
        , \n      \"landingPage\": \"unknow\", \n      \"publisher\": {\n        \"\
        mbox\": null, \n        \"name\": \"author_a\"\n      }, \n      \"contactPoint\"\
        : {}\n    }, \n    {\n      \"title\": \"data1_1\", \n      \"modified\":\
        \ \"2018-03-06T17:22:21.220023\", \n      \"identifier\": \"1.1\", \n    \
        \  \"issued\": \"2018-03-06T17:22:21.152525\", \n      \"landingPage\": \"\
        unknow\", \n      \"publisher\": {\n        \"mbox\": null, \n        \"name\"\
        : \"author_a\"\n      }, \n      \"contactPoint\": {}\n    }\n  ]\n}"}
    headers:
      connection: [Keep-Alive]
      content-length: ['2524']
      content-type: [application/json; charset=UTF-8]
      date: ['Tue, 06 Mar 2018 17:22:24 GMT']
      keep-alive: ['timeout=5, max=100']
      server: [Apache/2.4.7 (Ubuntu)]
    status: {code: 200, message: OK}
- request:
    body: '{"rows": 500, "start": 0, "q": "organization:\"org-3\""}'
    headers:
      Accept: ['*/*']
      Accept-Encoding: ['gzip, deflate']
      Connection: [keep-alive]
      Content-Length: ['56']
      Content-Type: [application/json]
      User-Agent: ['ckanapi/4.0 (+https://github.com/ckan/ckanapi)']
    method: POST
    uri: http://localhost:8080/api/action/package_search
  response:
    body: {string: '{"help": "http://localhost:8080/api/3/action/help_show?name=package_search",
        "success": true, "result": {"count": 3, "sort": "score desc, metadata_modified
        desc", "facets": {}, "results": [{"license_title": null, "maintainer": null,
        "relationships_as_object": [], "private": false, "maintainer_email": null,
        "num_tags": 0, "id": "3.3", "metadata_created": "2018-03-06T17:22:23.966495",
        "metadata_modified": "2018-03-06T17:22:23.971215", "author": "author_c", "author_email":
        null, "state": "active", "version": null, "creator_user_id": "7d4d816f-3a40-476e-ab71-d48a3f0eb3c8",
        "type": "dataset", "resources": [], "num_resources": 0, "tags": [], "groups":
        [], "license_id": null, "relationships_as_subject": [], "organization": {"description":
        "", "created": "2018-02-23T14:33:49.472378", "title": "org-3", "name": "org-3",
        "is_organization": true, "state": "active", "image_url": "", "revision_id":
        "551f552d-b609-45a4-9393-45d46b1b595a", "type": "organization", "id": "2d3c157f-7874-4059-a7a0-0938ccd084ed",
        "approval_status": "approved"}, "name": "data3_3", "isopen": false, "url":
        null, "notes": null, "owner_org": "2d3c157f-7874-4059-a7a0-0938ccd084ed",
        "extras": [], "title": "data3_3", "revision_id": "b0f9700d-5b12-4d80-948c-b19da8d5dd0e"},
        {"license_title": null, "maintainer": null, "relationships_as_object": [],
        "private": false, "maintainer_email": null, "num_tags": 0, "id": "3.2", "metadata_created":
        "2018-03-06T17:22:23.474946", "metadata_modified": "2018-03-06T17:22:23.479812",
        "author": "author_b", "author_email": null, "state": "active", "version":
        null, "creator_user_id": "7d4d816f-3a40-476e-ab71-d48a3f0eb3c8", "type": "dataset",
        "resources": [], "num_resources": 0, "tags": [], "groups": [], "license_id":
        null, "relationships_as_subject": [], "organization": {"description": "",
        "created": "2018-02-23T14:33:49.472378", "title": "org-3", "name": "org-3",
        "is_organization": true, "state": "active", "image_url": "", "revision_id":
        "551f552d-b609-45a4-9393-45d46b1b595a", "type": "organization", "id": "2d3c157f-7874-4059-a7a0-0938ccd084ed",
        "approval_status": "approved"}, "name": "data3_2", "isopen": false, "url":
        null, "notes": null, "owner_org": "2d3c157f-7874-4059-a7a0-0938ccd084ed",
        "extras": [], "title": "data3_2", "revision_id": "41ce88b9-f50f-4266-9563-449429fccf4e"},
        {"license_title": null, "maintainer": null, "relationships_as_object": [],
        "private": false, "maintainer_email": null, "num_tags": 0, "id": "3.1", "metadata_created":
        "2018-03-06T17:22:22.899847", "metadata_modified": "2018-03-06T17:22:22.904862",
        "author": "author_a", "author_email": null, "state": "active", "version":
        null, "creator_user_id": "7d4d816f-3a40-476e-ab71-d48a3f0eb3c8", "type": "dataset",
        "resources": [], "num_resources": 0, "tags": [], "groups": [], "license_id":
        null, "relationships_as_subject": [], "organization": {"description": "",
        "created": "2018-02-23T14:33:49.472378", "title": "org-3", "name": "org-3",
        "is_organization": true, "state": "active", "image_url": "", "revision_id":
        "551f552d-b609-45a4-9393-45d46b1b595a", "type": "organization", "id": "2d3c157f-7874-4059-a7a0-0938ccd084ed",
        "approval_status": "approved"}, "name": "data3_1", "isopen": false, "url":
        null, "notes": null, "owner_org": "2d3c157f-7874-4059-a7a0-0938ccd084ed",
        "extras": [], "title": "data3_1", "revision_id": "02d89572-1d3c-4e4d-afb4-014011dcec3d"}],
        "search_facets": {}}}'}
    headers:
      cache-control: [no-cache]
      connection: [Keep-Alive]
      content-length: ['3385']
      content-type: [application/json;charset=utf-8]
      date: ['Tue, 06 Mar 2018 17:22:24 GMT']
      keep-alive: ['timeout=5, max=100']
      pragma: [no-cache]
      server: [Apache/2.4.7 (Ubuntu)]
    status: {code: 200, message: OK}
- request:
    body: '{"id": "3.1"}'
    headers:
      Accept: ['*/*']
      Accept-Encoding: ['gzip, deflate']
      Connection: [keep-alive]
      Content-Length: ['13']
      Content-Type: [application/json]
      User-Agent: ['ckanapi/4.0 (+https://github.com/ckan/ckanapi)']
    method: POST
    uri: http://localhost:8080/api/action/dataset_purge
  response:
    body: {string: '{"help": "http://localhost:8080/api/3/action/help_show?name=dataset_purge",
        "success": true, "result": null}'}
    headers:
      cache-control: [no-cache]
      connection: [Keep-Alive]
      content-length: ['108']
      content-type: [application/json;charset=utf-8]
      date: ['Tue, 06 Mar 2018 17:22:24 GMT']
      keep-alive: ['timeout=5, max=99']
      pragma: [no-cache]
      server: [Apache/2.4.7 (Ubuntu)]
    status: {code: 200, message: OK}
- request:
    body: '{"id": "3.3"}'
    headers:
      Accept: ['*/*']
      Accept-Encoding: ['gzip, deflate']
      Connection: [keep-alive]
      Content-Length: ['13']
      Content-Type: [application/json]
      User-Agent: ['ckanapi/4.0 (+https://github.com/ckan/ckanapi)']
    method: POST
    uri: http://localhost:8080/api/action/dataset_purge
  response:
    body: {string: '{"help": "http://localhost:8080/api/3/action/help_show?name=dataset_purge",
        "success": true, "result": null}'}
    headers:
      cache-control: [no-cache]
      connection: [Keep-Alive]
      content-length: ['108']
      content-type: [application/json;charset=utf-8]
      date: ['Tue, 06 Mar 2018 17:22:24 GMT']
      keep-alive: ['timeout=5, max=98']
      pragma: [no-cache]
      server: [Apache/2.4.7 (Ubuntu)]
    status: {code: 200, message: OK}
- request:
    body: '{}'
    headers:
      Accept: ['*/*']
      Accept-Encoding: ['gzip, deflate']
      Connection: [keep-alive]
      Content-Length: ['2']
      Content-Type: [application/json]
      User-Agent: ['ckanapi/4.0 (+https://github.com/ckan/ckanapi)']
    method: POST
    uri: http://localhost:8080/api/action/package_list
  response:
    body: {string: '{"help": "http://localhost:8080/api/3/action/help_show?name=package_list",
        "success": true, "result": ["data1_1", "data2_1", "data2_2", "data3_2"]}'}
    headers:
      cache-control: [no-cache]
      connection: [Keep-Alive]
      content-length: ['147']
      content-type: [application/json;charset=utf-8]
      date: ['Tue, 06 Mar 2018 17:22:24 GMT']
      keep-alive: ['timeout=5, max=100']
      pragma: [no-cache]
      server: [Apache/2.4.7 (Ubuntu)]
    status: {code: 200, message: OK}
- request:
    body: null
    headers:
      Accept: ['*/*']
      Accept-Encoding: ['gzip, deflate']
      Connection: [keep-alive]
      User-Agent: [python-requests/2.18.4]
    method: GET
    uri: http://localhost:8080/data.json
  response:
    body: {string: "{\n  \"version\": \"1.1\", \n  \"identifier\": \"\", \n  \"title\"\
        : \"T\\u00edtulo del portal\", \n  \"description\": \"Describ\\u00ed el portal.\
        \ Explic\\u00e1 de qu\\u00e9 se trata tu cat\\u00e1logo de datos. Por favor,\
        \ hacelo en no m\\u00e1s de tres l\\u00edneas.\", \n  \"superThemeTaxonomy\"\
        : \"http://datos.gob.ar/superThemeTaxonomy.json\", \n  \"publisher\": {\n\
        \    \"mbox\": \"\", \n    \"name\": \"\"\n  }, \n  \"issued\": \"\", \n \
        \ \"modified\": \"\", \n  \"language\": \"\", \n  \"license\": \"\", \n  \"\
        homepage\": \"\", \n  \"rights\": \"\", \n  \"spatial\": [], \n  \"themeTaxonomy\"\
        : [\n    {\n      \"label\": \"econ\", \n      \"id\": \"econ\", \n      \"\
        description\": \"\"\n    }, \n    {\n      \"label\": \"just\", \n      \"\
        id\": \"just\", \n      \"description\": \"\"\n    }\n  ], \n  \"dataset\"\
        : [\n    {\n      \"title\": \"data3_3\", \n      \"modified\": \"2018-03-06T17:23:29.189299\"\
        , \n      \"identifier\": \"3.3\", \n      \"issued\": \"2018-03-06T17:23:29.184361\"\
        , \n      \"landingPage\": \"unknow\", \n      \"publisher\": {\n        \"\
        mbox\": null, \n        \"name\": \"author_c\"\n      }, \n      \"contactPoint\"\
        : {}\n    }, \n    {\n      \"title\": \"data3_2\", \n      \"modified\":\
        \ \"2018-03-06T17:23:28.573614\", \n      \"identifier\": \"3.2\", \n    \
        \  \"issued\": \"2018-03-06T17:23:28.568347\", \n      \"landingPage\": \"\
        unknow\", \n      \"publisher\": {\n        \"mbox\": null, \n        \"name\"\
        : \"author_b\"\n      }, \n      \"contactPoint\": {}\n    }, \n    {\n  \
        \    \"title\": \"data3_1\", \n      \"modified\": \"2018-03-06T17:23:27.951816\"\
        , \n      \"identifier\": \"3.1\", \n      \"issued\": \"2018-03-06T17:23:27.946446\"\
        , \n      \"landingPage\": \"unknow\", \n      \"publisher\": {\n        \"\
        mbox\": null, \n        \"name\": \"author_a\"\n      }, \n      \"contactPoint\"\
        : {}\n    }, \n    {\n      \"title\": \"data2_2\", \n      \"modified\":\
        \ \"2018-03-06T17:23:27.356349\", \n      \"identifier\": \"2.2\", \n    \
        \  \"issued\": \"2018-03-06T17:23:27.351127\", \n      \"landingPage\": \"\
        unknow\", \n      \"publisher\": {\n        \"mbox\": null, \n        \"name\"\
        : \"author_b\"\n      }, \n      \"contactPoint\": {}\n    }, \n    {\n  \
        \    \"title\": \"data2_1\", \n      \"modified\": \"2018-03-06T17:23:26.697214\"\
        , \n      \"identifier\": \"2.1\", \n      \"issued\": \"2018-03-06T17:23:26.692230\"\
        , \n      \"landingPage\": \"unknow\", \n      \"publisher\": {\n        \"\
        mbox\": null, \n        \"name\": \"author_a\"\n      }, \n      \"contactPoint\"\
        : {}\n    }, \n    {\n      \"title\": \"data1_1\", \n      \"modified\":\
        \ \"2018-03-06T17:23:26.099289\", \n      \"identifier\": \"1.1\", \n    \
        \  \"issued\": \"2018-03-06T17:23:26.092452\", \n      \"landingPage\": \"\
        unknow\", \n      \"publisher\": {\n        \"mbox\": null, \n        \"name\"\
        : \"author_a\"\n      }, \n      \"contactPoint\": {}\n    }\n  ]\n}"}
    headers:
      Connection: [Keep-Alive]
      Content-Length: ['2524']
      Content-Type: [application/json; charset=UTF-8]
      Date: ['Tue, 06 Mar 2018 17:23:30 GMT']
      Keep-Alive: ['timeout=5, max=100']
      Server: [Apache/2.4.7 (Ubuntu)]
    status: {code: 200, message: OK}
- request:
    body: '{"q": "organization:\"org-3\"", "rows": 500, "start": 0}'
    headers:
      Accept: ['*/*']
      Accept-Encoding: ['gzip, deflate']
      Connection: [keep-alive]
      Content-Length: ['56']
      Content-Type: [application/json]
      User-Agent: ['ckanapi/4.0 (+https://github.com/ckan/ckanapi)']
    method: POST
    uri: http://localhost:8080/api/action/package_search
  response:
    body: {string: '{"help": "http://localhost:8080/api/3/action/help_show?name=package_search",
        "success": true, "result": {"count": 3, "sort": "score desc, metadata_modified
        desc", "facets": {}, "results": [{"license_title": null, "maintainer": null,
        "relationships_as_object": [], "private": false, "maintainer_email": null,
        "num_tags": 0, "id": "3.3", "metadata_created": "2018-03-06T17:23:29.184361",
        "metadata_modified": "2018-03-06T17:23:29.189299", "author": "author_c", "author_email":
        null, "state": "active", "version": null, "creator_user_id": "7d4d816f-3a40-476e-ab71-d48a3f0eb3c8",
        "type": "dataset", "resources": [], "num_resources": 0, "tags": [], "groups":
        [], "license_id": null, "relationships_as_subject": [], "organization": {"description":
        "", "created": "2018-02-23T14:33:49.472378", "title": "org-3", "name": "org-3",
        "is_organization": true, "state": "active", "image_url": "", "revision_id":
        "551f552d-b609-45a4-9393-45d46b1b595a", "type": "organization", "id": "2d3c157f-7874-4059-a7a0-0938ccd084ed",
        "approval_status": "approved"}, "name": "data3_3", "isopen": false, "url":
        null, "notes": null, "owner_org": "2d3c157f-7874-4059-a7a0-0938ccd084ed",
        "extras": [], "title": "data3_3", "revision_id": "5e32e6b0-ed0d-4d06-8698-a34420dced05"},
        {"license_title": null, "maintainer": null, "relationships_as_object": [],
        "private": false, "maintainer_email": null, "num_tags": 0, "id": "3.2", "metadata_created":
        "2018-03-06T17:23:28.568347", "metadata_modified": "2018-03-06T17:23:28.573614",
        "author": "author_b", "author_email": null, "state": "active", "version":
        null, "creator_user_id": "7d4d816f-3a40-476e-ab71-d48a3f0eb3c8", "type": "dataset",
        "resources": [], "num_resources": 0, "tags": [], "groups": [], "license_id":
        null, "relationships_as_subject": [], "organization": {"description": "",
        "created": "2018-02-23T14:33:49.472378", "title": "org-3", "name": "org-3",
        "is_organization": true, "state": "active", "image_url": "", "revision_id":
        "551f552d-b609-45a4-9393-45d46b1b595a", "type": "organization", "id": "2d3c157f-7874-4059-a7a0-0938ccd084ed",
        "approval_status": "approved"}, "name": "data3_2", "isopen": false, "url":
        null, "notes": null, "owner_org": "2d3c157f-7874-4059-a7a0-0938ccd084ed",
        "extras": [], "title": "data3_2", "revision_id": "7b0a7a01-83e2-4e6c-99db-70968ed4fe36"},
        {"license_title": null, "maintainer": null, "relationships_as_object": [],
        "private": false, "maintainer_email": null, "num_tags": 0, "id": "3.1", "metadata_created":
        "2018-03-06T17:23:27.946446", "metadata_modified": "2018-03-06T17:23:27.951816",
        "author": "author_a", "author_email": null, "state": "active", "version":
        null, "creator_user_id": "7d4d816f-3a40-476e-ab71-d48a3f0eb3c8", "type": "dataset",
        "resources": [], "num_resources": 0, "tags": [], "groups": [], "license_id":
        null, "relationships_as_subject": [], "organization": {"description": "",
        "created": "2018-02-23T14:33:49.472378", "title": "org-3", "name": "org-3",
        "is_organization": true, "state": "active", "image_url": "", "revision_id":
        "551f552d-b609-45a4-9393-45d46b1b595a", "type": "organization", "id": "2d3c157f-7874-4059-a7a0-0938ccd084ed",
        "approval_status": "approved"}, "name": "data3_1", "isopen": false, "url":
        null, "notes": null, "owner_org": "2d3c157f-7874-4059-a7a0-0938ccd084ed",
        "extras": [], "title": "data3_1", "revision_id": "9e045fc3-3b14-42b5-88ab-5314475a257b"}],
        "search_facets": {}}}'}
    headers:
      Cache-Control: [no-cache]
      Connection: [Keep-Alive]
      Content-Length: ['3385']
      Content-Type: [application/json;charset=utf-8]
      Date: ['Tue, 06 Mar 2018 17:23:30 GMT']
      Keep-Alive: ['timeout=5, max=100']
      Pragma: [no-cache]
      Server: [Apache/2.4.7 (Ubuntu)]
    status: {code: 200, message: OK}
- request:
    body: '{"id": "3.1"}'
    headers:
      Accept: ['*/*']
      Accept-Encoding: ['gzip, deflate']
      Connection: [keep-alive]
      Content-Length: ['13']
      Content-Type: [application/json]
      User-Agent: ['ckanapi/4.0 (+https://github.com/ckan/ckanapi)']
    method: POST
    uri: http://localhost:8080/api/action/dataset_purge
  response:
    body: {string: '{"help": "http://localhost:8080/api/3/action/help_show?name=dataset_purge",
        "success": true, "result": null}'}
    headers:
      Cache-Control: [no-cache]
      Connection: [Keep-Alive]
      Content-Length: ['108']
      Content-Type: [application/json;charset=utf-8]
      Date: ['Tue, 06 Mar 2018 17:23:30 GMT']
      Keep-Alive: ['timeout=5, max=99']
      Pragma: [no-cache]
      Server: [Apache/2.4.7 (Ubuntu)]
    status: {code: 200, message: OK}
- request:
    body: '{"id": "3.3"}'
    headers:
      Accept: ['*/*']
      Accept-Encoding: ['gzip, deflate']
      Connection: [keep-alive]
      Content-Length: ['13']
      Content-Type: [application/json]
      User-Agent: ['ckanapi/4.0 (+https://github.com/ckan/ckanapi)']
    method: POST
    uri: http://localhost:8080/api/action/dataset_purge
  response:
    body: {string: '{"help": "http://localhost:8080/api/3/action/help_show?name=dataset_purge",
        "success": true, "result": null}'}
    headers:
      Cache-Control: [no-cache]
      Connection: [Keep-Alive]
      Content-Length: ['108']
      Content-Type: [application/json;charset=utf-8]
      Date: ['Tue, 06 Mar 2018 17:23:30 GMT']
      Keep-Alive: ['timeout=5, max=98']
      Pragma: [no-cache]
      Server: [Apache/2.4.7 (Ubuntu)]
    status: {code: 200, message: OK}
- request:
    body: '{}'
    headers:
      Accept: ['*/*']
      Accept-Encoding: ['gzip, deflate']
      Connection: [keep-alive]
      Content-Length: ['2']
      Content-Type: [application/json]
      User-Agent: ['ckanapi/4.0 (+https://github.com/ckan/ckanapi)']
    method: POST
    uri: http://localhost:8080/api/action/package_list
  response:
    body: {string: '{"help": "http://localhost:8080/api/3/action/help_show?name=package_list",
        "success": true, "result": ["data1_1", "data2_1", "data2_2", "data3_2"]}'}
    headers:
      Cache-Control: [no-cache]
      Connection: [Keep-Alive]
      Content-Length: ['147']
      Content-Type: [application/json;charset=utf-8]
      Date: ['Tue, 06 Mar 2018 17:23:30 GMT']
      Keep-Alive: ['timeout=5, max=100']
      Pragma: [no-cache]
      Server: [Apache/2.4.7 (Ubuntu)]
    status: {code: 200, message: OK}
version: 1
